// Jest Snapshot v1, https://goo.gl/fbAQLP

exports[`CategoryBox Component renders correctly and matches snapshot 1`] = `
<View
  style={
    [
      {
        "borderColor": "#29BB892E",
        "borderRadius": 12,
        "borderWidth": 0.5,
        "marginRight": 10,
        "overflow": "hidden",
        "width": 346,
      },
      {
        "height": 311.40000000000003,
      },
    ]
  }
  testID="categoryBox"
>
  <View
    accessibilityIgnoresInvertColors={true}
    style={
      {
        "flex": 1,
      }
    }
  >
    <Image
      resizeMode="cover"
      source={
        {
          "uri": "https://example.com/image1.jpg",
        }
      }
      style={
        [
          {
            "bottom": 0,
            "left": 0,
            "position": "absolute",
            "right": 0,
            "top": 0,
          },
          {
            "height": undefined,
            "width": undefined,
          },
          undefined,
        ]
      }
    />
    <Text
      numberOfLines={0}
      style={
        {
          "color": "#13231B",
          "fontFamily": "RubikMedium",
          "fontSize": 16,
          "padding": 16,
          "width": "80%",
        }
      }
    >
      Test Category
    </Text>
  </View>
</View>
`;
