// Jest Snapshot v1, https://goo.gl/fbAQLP

exports[`SubscriptionSlide renders correctly and matches snapshot 1`] = `
<RCTScrollView
  bounces={false}
  contentContainerStyle={
    {
      "paddingBottom": 20,
    }
  }
  showsVerticalScrollIndicator={false}
  style={
    {
      "backgroundColor": "#101e17",
      "flex": 1,
      "position": "relative",
      "width": 750,
    }
  }
>
  <View>
    <Image
      resizeMode="cover"
      source={
        {
          "testUri": "../../../assets/images/paywallPlant.png",
        }
      }
      style={
        {
          "height": 980,
          "left": 0,
          "position": "absolute",
          "right": 0,
          "top": 0,
          "width": 750,
        }
      }
    />
    <View
      accessibilityState={
        {
          "busy": undefined,
          "checked": undefined,
          "disabled": undefined,
          "expanded": undefined,
          "selected": undefined,
        }
      }
      accessibilityValue={
        {
          "max": undefined,
          "min": undefined,
          "now": undefined,
          "text": undefined,
        }
      }
      accessible={true}
      collapsable={false}
      focusable={true}
      onBlur={[Function]}
      onClick={[Function]}
      onFocus={[Function]}
      onResponderGrant={[Function]}
      onResponderMove={[Function]}
      onResponderRelease={[Function]}
      onResponderTerminate={[Function]}
      onResponderTerminationRequest={[Function]}
      onStartShouldSetResponder={[Function]}
      style={
        {
          "position": "absolute",
          "right": 20,
          "top": 55,
        }
      }
      testID="closeButton"
    >
      <Image
        source={
          {
            "testUri": "../../../assets/icons/closeIcon.png",
          }
        }
        style={
          {
            "height": 24,
            "width": 24,
          }
        }
      />
    </View>
    <View
      style={
        {
          "flex": 1,
          "paddingHorizontal": 24,
          "paddingTop": "70%",
        }
      }
    >
      <Text
        style={
          {
            "color": "white",
            "fontFamily": "Rubik",
            "fontSize": 26,
            "marginBottom": 8,
          }
        }
      >
        <Text
          style={
            {
              "fontFamily": "RubikBold",
              "fontSize": 30,
            }
          }
        >
          PlantApp
        </Text>
         Premium
      </Text>
      <Text
        style={
          {
            "color": "#FFFFFFB2",
            "fontFamily": "RubikLight",
            "fontSize": 17,
          }
        }
      >
        Access All Features
      </Text>
      <View
        style={
          {
            "height": 150,
            "paddingTop": 20,
          }
        }
      >
        <RCTScrollView
          bounces={false}
          horizontal={true}
          showsHorizontalScrollIndicator={false}
        >
          <View>
            <View
              style={
                {
                  "backgroundColor": "#FFFFFF14",
                  "borderRadius": 12,
                  "height": 130,
                  "marginRight": 8,
                  "padding": 16,
                  "width": 156,
                }
              }
            >
              <Image
                source={
                  {
                    "testUri": "../../../assets/icons/scanIcon.png",
                  }
                }
                style={
                  {
                    "height": 36,
                    "width": 36,
                  }
                }
              />
              <Text
                style={
                  {
                    "color": "#fff",
                    "fontFamily": "RubikMedium",
                    "fontSize": 20,
                    "paddingTop": 16,
                  }
                }
              >
                Unlimited
              </Text>
              <Text
                style={
                  {
                    "color": "#FFFFFFB2",
                    "fontFamily": "RubikRegular",
                    "fontSize": 12,
                    "paddingTop": 4,
                  }
                }
              >
                Plant Identify
              </Text>
            </View>
            <View
              style={
                {
                  "backgroundColor": "#FFFFFF14",
                  "borderRadius": 12,
                  "height": 130,
                  "marginRight": 8,
                  "padding": 16,
                  "width": 156,
                }
              }
            >
              <Image
                source={
                  {
                    "testUri": "../../../assets/icons/fastIcon.png",
                  }
                }
                style={
                  {
                    "height": 36,
                    "width": 36,
                  }
                }
              />
              <Text
                style={
                  {
                    "color": "#fff",
                    "fontFamily": "RubikMedium",
                    "fontSize": 20,
                    "paddingTop": 16,
                  }
                }
              >
                Faster
              </Text>
              <Text
                style={
                  {
                    "color": "#FFFFFFB2",
                    "fontFamily": "RubikRegular",
                    "fontSize": 12,
                    "paddingTop": 4,
                  }
                }
              >
                Process
              </Text>
            </View>
          </View>
        </RCTScrollView>
      </View>
      <View
        style={
          {
            "marginTop": 20,
          }
        }
      >
        <View
          accessibilityRole="radio"
          accessibilityState={
            {
              "busy": undefined,
              "checked": undefined,
              "disabled": undefined,
              "expanded": undefined,
              "selected": false,
            }
          }
          accessibilityValue={
            {
              "max": undefined,
              "min": undefined,
              "now": undefined,
              "text": undefined,
            }
          }
          accessible={true}
          collapsable={false}
          focusable={true}
          onBlur={[Function]}
          onClick={[Function]}
          onFocus={[Function]}
          onResponderGrant={[Function]}
          onResponderMove={[Function]}
          onResponderRelease={[Function]}
          onResponderTerminate={[Function]}
          onResponderTerminationRequest={[Function]}
          onStartShouldSetResponder={[Function]}
          style={
            [
              {
                "borderRadius": 14,
                "marginBottom": 16,
                "padding": 16,
              },
              {
                "backgroundColor": "#FFFFFF0D",
              },
            ]
          }
          testID="planCardmonthly"
        >
          <View
            style={
              {
                "alignItems": "center",
                "flexDirection": "row",
                "gap": 12,
              }
            }
          >
            <View
              style={
                [
                  {
                    "alignItems": "center",
                    "backgroundColor": "#FFFFFF26",
                    "borderRadius": 12,
                    "height": 24,
                    "justifyContent": "center",
                    "width": 24,
                  },
                  false,
                ]
              }
              testID="radioOuterView"
            />
            <View
              style={
                {
                  "flex": 1,
                }
              }
            >
              <View
                style={
                  {
                    "alignItems": "center",
                    "flexDirection": "row",
                    "justifyContent": "space-between",
                    "position": "relative",
                  }
                }
              >
                <Text
                  style={
                    {
                      "color": "#fff",
                      "fontFamily": "RubikMedium",
                      "fontSize": 16,
                      "fontWeight": "bold",
                    }
                  }
                >
                  1 Month
                </Text>
              </View>
              <Text
                style={
                  {
                    "color": "#FFFFFFB2",
                    "fontFamily": "RubikLight",
                    "fontSize": 14,
                    "marginTop": 4,
                  }
                }
              >
                $2.99/month, auto renewable
              </Text>
            </View>
          </View>
        </View>
        <View
          accessibilityRole="radio"
          accessibilityState={
            {
              "busy": undefined,
              "checked": undefined,
              "disabled": undefined,
              "expanded": undefined,
              "selected": true,
            }
          }
          accessibilityValue={
            {
              "max": undefined,
              "min": undefined,
              "now": undefined,
              "text": undefined,
            }
          }
          accessible={true}
          collapsable={false}
          focusable={true}
          onBlur={[Function]}
          onClick={[Function]}
          onFocus={[Function]}
          onResponderGrant={[Function]}
          onResponderMove={[Function]}
          onResponderRelease={[Function]}
          onResponderTerminate={[Function]}
          onResponderTerminationRequest={[Function]}
          onStartShouldSetResponder={[Function]}
          style={
            [
              {
                "borderRadius": 14,
                "marginBottom": 16,
                "padding": 16,
              },
              {
                "borderColor": "#28AF6E",
                "borderWidth": 1.5,
              },
            ]
          }
          testID="planCardyearly"
        >
          <View
            style={
              {
                "alignItems": "center",
                "flexDirection": "row",
                "gap": 12,
              }
            }
          >
            <View
              style={
                [
                  {
                    "alignItems": "center",
                    "backgroundColor": "#FFFFFF26",
                    "borderRadius": 12,
                    "height": 24,
                    "justifyContent": "center",
                    "width": 24,
                  },
                  {
                    "backgroundColor": "#28AF6E",
                  },
                ]
              }
              testID="radioOuterView"
            >
              <View
                style={
                  {
                    "backgroundColor": "white",
                    "borderRadius": 4,
                    "height": 8,
                    "width": 8,
                  }
                }
                testID="radioInnerView"
              />
            </View>
            <View
              style={
                {
                  "flex": 1,
                }
              }
            >
              <View
                style={
                  {
                    "alignItems": "center",
                    "flexDirection": "row",
                    "justifyContent": "space-between",
                    "position": "relative",
                  }
                }
              >
                <Text
                  style={
                    {
                      "color": "#fff",
                      "fontFamily": "RubikMedium",
                      "fontSize": 16,
                      "fontWeight": "bold",
                    }
                  }
                >
                  1 Year
                </Text>
                <View
                  style={
                    {
                      "backgroundColor": "#34C759",
                      "borderBottomLeftRadius": 20,
                      "borderTopRightRadius": 12,
                      "paddingHorizontal": 12,
                      "paddingVertical": 4,
                      "position": "absolute",
                      "right": -16,
                      "top": -16,
                    }
                  }
                >
                  <Text
                    style={
                      {
                        "color": "#fff",
                        "fontFamily": "RubikMedium",
                        "fontSize": 12,
                        "fontWeight": "bold",
                      }
                    }
                  >
                    Save 50%
                  </Text>
                </View>
              </View>
              <Text
                style={
                  {
                    "color": "#FFFFFFB2",
                    "fontFamily": "RubikLight",
                    "fontSize": 14,
                    "marginTop": 4,
                  }
                }
              >
                First 3 days free, then $529.99/year
              </Text>
            </View>
          </View>
        </View>
      </View>
      <View
        accessibilityState={
          {
            "busy": undefined,
            "checked": undefined,
            "disabled": undefined,
            "expanded": undefined,
            "selected": undefined,
          }
        }
        accessibilityValue={
          {
            "max": undefined,
            "min": undefined,
            "now": undefined,
            "text": undefined,
          }
        }
        accessible={true}
        collapsable={false}
        focusable={true}
        onBlur={[Function]}
        onClick={[Function]}
        onFocus={[Function]}
        onResponderGrant={[Function]}
        onResponderMove={[Function]}
        onResponderRelease={[Function]}
        onResponderTerminate={[Function]}
        onResponderTerminationRequest={[Function]}
        onStartShouldSetResponder={[Function]}
        style={
          {
            "alignItems": "center",
            "backgroundColor": "#28AF6E",
            "borderRadius": 12,
            "paddingVertical": 16,
          }
        }
        testID="mainButton"
      >
        <Text
          style={
            {
              "color": "#fff",
              "fontSize": 16,
              "fontWeight": "600",
            }
          }
        >
          Try free for 3 days
        </Text>
      </View>
      <Text
        style={
          {
            "color": "#FFFFFF85",
            "fontFamily": "RubikLight",
            "fontSize": 10,
            "marginTop": 8,
            "textAlign": "center",
          }
        }
      >
        After the 3-day free trial period you’ll be charged ₺274.99 per year unless you cancel before the trial expires. Yearly Subscription is Auto-Renewable
      </Text>
      <View
        style={
          {
            "flexDirection": "row",
            "justifyContent": "center",
            "marginTop": 10,
          }
        }
      >
        <Text
          style={
            {
              "color": "#888",
              "fontSize": 14,
              "marginHorizontal": 6,
            }
          }
        >
          Terms
        </Text>
        <Text
          style={
            {
              "color": "#888",
              "fontSize": 14,
            }
          }
        >
          •
        </Text>
        <Text
          style={
            {
              "color": "#888",
              "fontSize": 14,
              "marginHorizontal": 6,
            }
          }
        >
          Privacy
        </Text>
        <Text
          style={
            {
              "color": "#888",
              "fontSize": 14,
            }
          }
        >
          •
        </Text>
        <Text
          style={
            {
              "color": "#888",
              "fontSize": 14,
              "marginHorizontal": 6,
            }
          }
        >
          Restore
        </Text>
      </View>
    </View>
  </View>
</RCTScrollView>
`;
