// Jest Snapshot v1, https://goo.gl/fbAQLP

exports[`WelcomeSlide renders correctly and matches snapshot 1`] = `
<RNCSafeAreaView
  edges={
    {
      "bottom": "additive",
      "left": "additive",
      "right": "additive",
      "top": "additive",
    }
  }
>
  <View
    style={
      {
        "marginBottom": 24,
        "marginLeft": 24,
        "marginTop": 12,
      }
    }
  >
    <Text
      style={
        {
          "color": "#000",
          "fontSize": 28,
        }
      }
    >
      Welcome to 
      <Text
        style={
          {
            "fontFamily": "RubikBold",
          }
        }
      >
        PlantApp
      </Text>
    </Text>
    <Text
      style={
        {
          "color": "#13231BB2",
          "fontFamily": "RubikRegular",
          "fontSize": 16,
          "marginTop": 8,
        }
      }
    >
      Identify more than 3000+ plants with
88% accuracy.
    </Text>
  </View>
  <Image
    accessibilityLabel="Plant"
    source={
      {
        "testUri": "../../../assets/images/welcomeSlidePlant.png",
      }
    }
    style={
      {
        "alignSelf": "center",
        "height": 867.1,
        "resizeMode": "contain",
        "width": 750,
      }
    }
  />
</RNCSafeAreaView>
`;
