// Jest Snapshot v1, https://goo.gl/fbAQLP

exports[`FooterLinks renders correctly and matches snapshot 1`] = `
<View
  style={
    {
      "flexDirection": "row",
      "justifyContent": "center",
      "marginTop": 10,
    }
  }
>
  <Text
    style={
      {
        "color": "#888",
        "fontSize": 14,
        "marginHorizontal": 6,
      }
    }
  >
    Terms
  </Text>
  <Text
    style={
      {
        "color": "#888",
        "fontSize": 14,
      }
    }
  >
    •
  </Text>
  <Text
    style={
      {
        "color": "#888",
        "fontSize": 14,
        "marginHorizontal": 6,
      }
    }
  >
    Privacy
  </Text>
  <Text
    style={
      {
        "color": "#888",
        "fontSize": 14,
      }
    }
  >
    •
  </Text>
  <Text
    style={
      {
        "color": "#888",
        "fontSize": 14,
        "marginHorizontal": 6,
      }
    }
  >
    Restore
  </Text>
</View>
`;
